---
source: src-tauri/src/bim.rs
expression: modeling_result
---
number_of_people_inside_building: 0
number_of_evacuated_people: 268.7953039336487
time_in_seconds: 85.80000000000007

