---
source: src-tauri/src/bim.rs
expression: modeling_result
---
number_of_people_in_building: 0
evacuation_time_in_seconds: 90.60000000000007
number_of_evacuated_people: 523.0643383491171

