---
source: src-tauri/src/bim.rs
expression: modeling_result
---
number_of_people_inside_building: 0
number_of_evacuated_people: 1400.7812775754014
time_in_seconds: 413.39999999999384

