---
source: src-tauri/src/bim.rs
expression: modeling_result
---
number_of_people_inside_building: 0
number_of_evacuated_people: 898.4987407706044
time_in_seconds: 162.59999999999917

