---
source: src-tauri/src/bim.rs
expression: modeling_result
---
number_of_people_inside_building: 0
number_of_evacuated_people: 119.59749541938986
time_in_seconds: 90.00000000000007

