---
source: evacuation_core/src/bim.rs
expression: modeling_result
snapshot_kind: text
---
number_of_people_inside_building: 0
number_of_evacuated_people: 333.8029493972301
time_in_seconds: 102.60000000000008
