---
source: src-tauri/src/bim.rs
expression: modeling_result
---
number_of_people_inside_building: 0
number_of_evacuated_people: 3097.9037821902502
time_in_seconds: 661.7999999999886

