---
source: src-tauri/src/bim.rs
expression: modeling_result
---
number_of_people_inside_building: 0
number_of_evacuated_people: 1001.4088481916881
time_in_seconds: 174.59999999999891

