---
source: src-tauri/src/bim.rs
expression: modeling_result
---
number_of_people_inside_building: 0
number_of_evacuated_people: 237.43998115814685
time_in_seconds: 141.59999999999962

