---
source: src-tauri/src/bim.rs
expression: modeling_result
---
number_of_people_inside_building: 0
number_of_evacuated_people: 7536.337813792812
time_in_seconds: 958.1999999999822

