---
source: src-tauri/src/bim.rs
expression: modeling_result
---
number_of_people_inside_building: 0
number_of_evacuated_people: 35939.94963082365
time_in_seconds: 5499.600000000599

