---
source: src-tauri/src/bim.rs
expression: modeling_result
---
number_of_people_inside_building: 0
number_of_evacuated_people: 167.94662345452588
time_in_seconds: 107.40000000000008

