---
source: evacuation_core/src/bim.rs
expression: modeling_result
snapshot_kind: text
---
number_of_people_inside_building: 0
number_of_evacuated_people: 170.96333564858992
time_in_seconds: 120.00000000000009
