---
source: src-tauri/src/bim.rs
expression: modeling_result
---
number_of_people_inside_building: 0
number_of_evacuated_people: 5230.643383491081
time_in_seconds: 505.1999999999919

