---
source: src-tauri/src/bim.rs
expression: modeling_result
---
number_of_people_inside_building: 0
number_of_evacuated_people: 20922.5735339639
time_in_seconds: 2049.6000000001063

