---
source: src-tauri/src/bim.rs
expression: modeling_result
---
number_of_people_inside_building: 0
number_of_evacuated_people: 1467.2326845102643
time_in_seconds: 154.79999999999933

