---
source: src-tauri/src/bim.rs
expression: modeling_result
---
number_of_people_inside_building: 0
number_of_evacuated_people: 1068.3980500276139
time_in_seconds: 332.99999999999557

