---
source: src-tauri/src/bim.rs
expression: modeling_result
---
number_of_people_inside_building: 0
number_of_evacuated_people: 736.0148224798274
time_in_seconds: 256.79999999999717

