---
source: src-tauri/src/bim.rs
expression: modeling_result
---
number_of_people_inside_building: 0
number_of_evacuated_people: 22008.490267656463
time_in_seconds: 1971.6000000001218

