---
source: src-tauri/src/bim.rs
expression: modeling_result
---
number_of_people_inside_building: 0
number_of_evacuated_people: 1432.5237861007545
time_in_seconds: 356.3999999999951

