---
source: src-tauri/src/bim.rs
expression: modeling_result
---
number_of_people_inside_building: 0
number_of_evacuated_people: 733.6163422551326
time_in_seconds: 91.20000000000007

