---
source: src-tauri/src/bim.rs
expression: modeling_result
---
number_of_people_inside_building: 0
number_of_evacuated_people: 25.120430790739952
time_in_seconds: 26.400000000000013

