---
source: src-tauri/src/bim.rs
expression: modeling_result
---
number_of_people_inside_building: 0
number_of_evacuated_people: 3872.3797277378167
time_in_seconds: 821.3999999999852

