---
source: src-tauri/src/bim.rs
expression: modeling_result
---
number_of_people_inside_building: 0
number_of_evacuated_people: 251.21126045977752
time_in_seconds: 70.80000000000005

