---
source: src-tauri/src/bim.rs
expression: modeling_result
---
number_of_people_inside_building: 0
number_of_evacuated_people: 66.76058987944602
time_in_seconds: 41.40000000000002

