---
source: src-tauri/src/bim.rs
expression: modeling_result
---
number_of_people_inside_building: 0
number_of_evacuated_people: 30979.03782190644
time_in_seconds: 6171.600000000943

