---
source: src-tauri/src/bim.rs
expression: modeling_result
---
number_of_people_in_building: 0
evacuation_time_in_seconds: 201.59999999999835
number_of_evacuated_people: 716.2618930503785

