---
source: src-tauri/src/bim.rs
expression: modeling_result
---
number_of_people_inside_building: 0
number_of_evacuated_people: 33.4939077209866
time_in_seconds: 16.800000000000004

