---
source: src-tauri/src/bim.rs
expression: modeling_result
---
number_of_people_inside_building: 0
number_of_evacuated_people: 3581.309465251877
time_in_seconds: 809.3999999999854

