---
source: src-tauri/src/bim.rs
expression: modeling_result
---
number_of_people_inside_building: 0
number_of_evacuated_people: 166.90147469861503
time_in_seconds: 71.40000000000005

