---
source: src-tauri/src/bim.rs
expression: modeling_result
---
number_of_people_inside_building: 0
number_of_evacuated_people: 2150.3624314692042
time_in_seconds: 384.59999999999445

