---
source: src-tauri/src/bim.rs
expression: modeling_result
---
number_of_people_inside_building: 0
number_of_evacuated_people: 41.86738465123325
time_in_seconds: 18.000000000000007

