---
source: src-tauri/src/bim.rs
expression: modeling_result
---
number_of_people_inside_building: 0
number_of_evacuated_people: 90.58801859830812
time_in_seconds: 77.40000000000006

