---
source: src-tauri/src/bim.rs
expression: modeling_result
---
number_of_people_inside_building: 0
number_of_evacuated_people: 167.46953860493304
time_in_seconds: 34.80000000000002

