---
source: src-tauri/src/bim.rs
expression: modeling_result
---
number_of_people_in_building: 0
evacuation_time_in_seconds: 72.60000000000005
number_of_evacuated_people: 80.9181929912809

