---
source: src-tauri/src/bim.rs
expression: modeling_result
---
number_of_people_inside_building: 0
number_of_evacuated_people: 10461.286766982783
time_in_seconds: 1005.5999999999892

