---
source: src-tauri/src/bim.rs
expression: modeling_result
---
number_of_people_inside_building: 0
number_of_evacuated_people: 537.5906078672973
time_in_seconds: 121.80000000000004

