---
source: src-tauri/src/bim.rs
expression: modeling_result
---
number_of_people_inside_building: 0
number_of_evacuated_people: 41.867384651233266
time_in_seconds: 31.800000000000015

