---
source: src-tauri/src/bim.rs
expression: modeling_result
---
number_of_people_inside_building: 0
number_of_evacuated_people: 4492.493703852955
time_in_seconds: 727.1999999999872

