---
source: src-tauri/src/bim.rs
expression: modeling_result
---
number_of_people_inside_building: 0
number_of_evacuated_people: 458.04139166534304
time_in_seconds: 182.39999999999876

